// Jest Snapshot v1, https://goo.gl/fbAQLP

exports[`renders TripTableRowEmpty 1`] = `
<div>
  <table>
    <tbody>
      <tr
        class="bg-info text-bg-info"
      >
        <td
          class="text-center p-2"
          colspan="99"
        >
          No scheduled trips.
        </td>
      </tr>
    </tbody>
  </table>
</div>
`;
